  Determining projects to restore...
c:\Users\mtnoo\OneDrive\Desktop\EasyHMS\1RadAPI\1Rad.Application\1Rad.Application.csproj : warning NU1903: Package 'AutoMapper' 13.0.1 has a known high severity vulnerability, https://github.com/advisories/GHSA-rvv3-g6hj-g44x [c:\Users\mtnoo\OneDrive\Desktop\EasyHMS\1RadAPI\1Rad.UnitTests\1Rad.UnitTests.csproj]
c:\Users\mtnoo\OneDrive\Desktop\EasyHMS\1RadAPI\1Rad.Infrastructure\1Rad.Infrastructure.csproj : warning NU1902: Package 'MailKit' 4.4.0 has a known moderate severity vulnerability, https://github.com/advisories/GHSA-9j88-vvj5-vhgr [c:\Users\mtnoo\OneDrive\Desktop\EasyHMS\1RadAPI\1Rad.UnitTests\1Rad.UnitTests.csproj]
  All projects are up-to-date for restore.
c:\Users\mtnoo\OneDrive\Desktop\EasyHMS\1RadAPI\1Rad.Application\1Rad.Application.csproj : warning NU1903: Package 'AutoMapper' 13.0.1 has a known high severity vulnerability, https://github.com/advisories/GHSA-rvv3-g6hj-g44x
c:\Users\mtnoo\OneDrive\Desktop\EasyHMS\1RadAPI\1Rad.Infrastructure\1Rad.Infrastructure.csproj : warning NU1902: Package 'MailKit' 4.4.0 has a known moderate severity vulnerability, https://github.com/advisories/GHSA-9j88-vvj5-vhgr
  1Rad.Domain -> c:\Users\mtnoo\OneDrive\Desktop\EasyHMS\1RadAPI\1Rad.Domain\bin\Debug\net8.0\1Rad.Domain.dll
c:\Users\mtnoo\OneDrive\Desktop\EasyHMS\1RadAPI\1Rad.Application\Features\Auth\Commands\RefreshToken\RefreshTokenCommandHandler.cs(65,45): error CS0118: 'RefreshToken' is a namespace but is used like a type [c:\Users\mtnoo\OneDrive\Desktop\EasyHMS\1RadAPI\1Rad.Application\1Rad.Application.csproj]
c:\Users\mtnoo\OneDrive\Desktop\EasyHMS\1RadAPI\1Rad.Application\Features\Auth\Commands\Login\LoginCommandHandler.cs(80,42): error CS0118: 'RefreshToken' is a namespace but is used like a type [c:\Users\mtnoo\OneDrive\Desktop\EasyHMS\1RadAPI\1Rad.Application\1Rad.Application.csproj]

Build FAILED.

c:\Users\mtnoo\OneDrive\Desktop\EasyHMS\1RadAPI\1Rad.Application\1Rad.Application.csproj : warning NU1903: Package 'AutoMapper' 13.0.1 has a known high severity vulnerability, https://github.com/advisories/GHSA-rvv3-g6hj-g44x [c:\Users\mtnoo\OneDrive\Desktop\EasyHMS\1RadAPI\1Rad.UnitTests\1Rad.UnitTests.csproj]
c:\Users\mtnoo\OneDrive\Desktop\EasyHMS\1RadAPI\1Rad.Infrastructure\1Rad.Infrastructure.csproj : warning NU1902: Package 'MailKit' 4.4.0 has a known moderate severity vulnerability, https://github.com/advisories/GHSA-9j88-vvj5-vhgr [c:\Users\mtnoo\OneDrive\Desktop\EasyHMS\1RadAPI\1Rad.UnitTests\1Rad.UnitTests.csproj]
c:\Users\mtnoo\OneDrive\Desktop\EasyHMS\1RadAPI\1Rad.Application\1Rad.Application.csproj : warning NU1903: Package 'AutoMapper' 13.0.1 has a known high severity vulnerability, https://github.com/advisories/GHSA-rvv3-g6hj-g44x
c:\Users\mtnoo\OneDrive\Desktop\EasyHMS\1RadAPI\1Rad.Infrastructure\1Rad.Infrastructure.csproj : warning NU1902: Package 'MailKit' 4.4.0 has a known moderate severity vulnerability, https://github.com/advisories/GHSA-9j88-vvj5-vhgr
c:\Users\mtnoo\OneDrive\Desktop\EasyHMS\1RadAPI\1Rad.Application\Features\Auth\Commands\RefreshToken\RefreshTokenCommandHandler.cs(65,45): error CS0118: 'RefreshToken' is a namespace but is used like a type [c:\Users\mtnoo\OneDrive\Desktop\EasyHMS\1RadAPI\1Rad.Application\1Rad.Application.csproj]
c:\Users\mtnoo\OneDrive\Desktop\EasyHMS\1RadAPI\1Rad.Application\Features\Auth\Commands\Login\LoginCommandHandler.cs(80,42): error CS0118: 'RefreshToken' is a namespace but is used like a type [c:\Users\mtnoo\OneDrive\Desktop\EasyHMS\1RadAPI\1Rad.Application\1Rad.Application.csproj]
    4 Warning(s)
    2 Error(s)

Time Elapsed 00:00:03.84
